###############################################################################
#
# IAR ELF Linker V8.11.1.13263/W32 for ARM                13/Jun/2017  21:53:02
# Copyright 2007-2017 IAR Systems AB.
#
#    Output file  =  
#        C:\Users\user\Desktop\teageuk\MCU\mcu_test\EWARM\mcu_test\Exe\mcu_test.out
#    Map file     =  
#        C:\Users\user\Desktop\teageuk\MCU\mcu_test\EWARM\mcu_test\List\mcu_test.map
#    Command line =  
#        -f C:\Users\user\AppData\Local\Temp\EW5707.tmp
#        (C:\Users\user\Desktop\teageuk\MCU\mcu_test\EWARM\mcu_test\Obj\main.o
#        C:\Users\user\Desktop\teageuk\MCU\mcu_test\EWARM\mcu_test\Obj\startup_stm32f746xx.o
#        C:\Users\user\Desktop\teageuk\MCU\mcu_test\EWARM\mcu_test\Obj\stm32f7xx_hal.o
#        C:\Users\user\Desktop\teageuk\MCU\mcu_test\EWARM\mcu_test\Obj\stm32f7xx_hal_cortex.o
#        C:\Users\user\Desktop\teageuk\MCU\mcu_test\EWARM\mcu_test\Obj\stm32f7xx_hal_dma.o
#        C:\Users\user\Desktop\teageuk\MCU\mcu_test\EWARM\mcu_test\Obj\stm32f7xx_hal_dma_ex.o
#        C:\Users\user\Desktop\teageuk\MCU\mcu_test\EWARM\mcu_test\Obj\stm32f7xx_hal_flash.o
#        C:\Users\user\Desktop\teageuk\MCU\mcu_test\EWARM\mcu_test\Obj\stm32f7xx_hal_flash_ex.o
#        C:\Users\user\Desktop\teageuk\MCU\mcu_test\EWARM\mcu_test\Obj\stm32f7xx_hal_gpio.o
#        C:\Users\user\Desktop\teageuk\MCU\mcu_test\EWARM\mcu_test\Obj\stm32f7xx_hal_i2c.o
#        C:\Users\user\Desktop\teageuk\MCU\mcu_test\EWARM\mcu_test\Obj\stm32f7xx_hal_i2c_ex.o
#        C:\Users\user\Desktop\teageuk\MCU\mcu_test\EWARM\mcu_test\Obj\stm32f7xx_hal_msp.o
#        C:\Users\user\Desktop\teageuk\MCU\mcu_test\EWARM\mcu_test\Obj\stm32f7xx_hal_pwr.o
#        C:\Users\user\Desktop\teageuk\MCU\mcu_test\EWARM\mcu_test\Obj\stm32f7xx_hal_pwr_ex.o
#        C:\Users\user\Desktop\teageuk\MCU\mcu_test\EWARM\mcu_test\Obj\stm32f7xx_hal_rcc.o
#        C:\Users\user\Desktop\teageuk\MCU\mcu_test\EWARM\mcu_test\Obj\stm32f7xx_hal_rcc_ex.o
#        C:\Users\user\Desktop\teageuk\MCU\mcu_test\EWARM\mcu_test\Obj\stm32f7xx_hal_tim.o
#        C:\Users\user\Desktop\teageuk\MCU\mcu_test\EWARM\mcu_test\Obj\stm32f7xx_hal_tim_ex.o
#        C:\Users\user\Desktop\teageuk\MCU\mcu_test\EWARM\mcu_test\Obj\stm32f7xx_it.o
#        C:\Users\user\Desktop\teageuk\MCU\mcu_test\EWARM\mcu_test\Obj\system_stm32f7xx.o
#        --redirect _Printf=_PrintfFull --redirect _Scanf=_ScanfFull -o
#        C:\Users\user\Desktop\teageuk\MCU\mcu_test\EWARM\mcu_test\Exe\mcu_test.out
#        --map
#        C:\Users\user\Desktop\teageuk\MCU\mcu_test\EWARM\mcu_test\List\mcu_test.map
#        --config
#        C:\Users\user\Desktop\teageuk\MCU\mcu_test\EWARM/stm32f746xx_flash.icf
#        --semihosting --entry __iar_program_start --vfe --text_out locale)
#
###############################################################################

*******************************************************************************
*** RUNTIME MODEL ATTRIBUTES
***

CppFlavor       = *
__SystemLibrary = DLib
__dlib_version  = 6


*******************************************************************************
*** HEAP SELECTION
***

The basic heap was selected because no calls to memory allocation
functions were found in the application outside of system library
functions, and there are calls to deallocation functions in the
application.


*******************************************************************************
*** PLACEMENT SUMMARY
***

"A0":  place at 0x08000000 { ro section .intvec };
"P1":  place in [from 0x08000000 to 0x080fffff] { ro };
"P2":  place in [from 0x20000000 to 0x2004ffff] { rw, block CSTACK, block HEAP };
initialize by copy { rw };

  Section            Kind        Address   Size  Object
  -------            ----        -------   ----  ------
"A0":                                     0x1c8
  .intvec            ro code  0x08000000  0x1c8  startup_stm32f746xx.o [1]
                            - 0x080001c8  0x1c8

"P1":                                     0xce4
  .text              ro code  0x080001c8  0x4b4  stm32f7xx_hal_rcc.o [1]
  .text              ro code  0x0800067c    0xc  stm32f7xx_hal.o [1]
  .text              ro code  0x08000688   0x28  stm32f7xx_hal.o [1]
  .text              ro code  0x080006b0   0xce  stm32f7xx_hal_cortex.o [1]
  .text              ro code  0x08000780  0x1f0  stm32f7xx_hal_gpio.o [1]
  .text              ro code  0x08000970  0x130  main.o [1]
  .text              ro code  0x08000aa0   0x16  stm32f7xx_hal.o [1]
  .text              ro code  0x08000ab6   0x18  stm32f7xx_hal.o [1]
  .text              ro code  0x08000ad0   0x74  stm32f7xx_hal_pwr_ex.o [1]
  .text              ro code  0x08000b44   0x60  stm32f7xx_hal_msp.o [1]
  .text              ro code  0x08000ba4   0x60  system_stm32f7xx.o [1]
  .text              ro code  0x08000c04   0x2c  copy_init3.o [5]
  .text              ro code  0x08000c30   0x28  data_init.o [5]
  .text              ro code  0x08000c58   0x22  fpinit_M.o [4]
  .iar.init_table    const    0x08000c7c   0x14  - Linker created -
  .text              ro code  0x08000c90   0x1e  stm32f7xx_it.o [1]
  .text              ro code  0x08000cb0   0x10  stm32f7xx_hal.o [1]
  .text              ro code  0x08000cc0   0x1a  cmain.o [5]
  .text              ro code  0x08000cda    0x4  low_level_init.o [3]
  .text              ro code  0x08000cde    0x4  exit.o [3]
  .text              ro code  0x08000ce4    0xa  cexit.o [5]
  .text              ro code  0x08000cf0   0x14  exit.o [6]
  .text              ro code  0x08000d04   0x10  startup_stm32f746xx.o [1]
  .text              ro code  0x08000d14    0xc  cstartup_M.o [5]
  Initializer bytes  const    0x08000d20    0x8  <for P2-1>
  .text              ro code  0x08000d28    0x4  startup_stm32f746xx.o [1]
  .text              ro code  0x08000d2c    0x4  startup_stm32f746xx.o [1]
  .text              ro code  0x08000d30    0x4  startup_stm32f746xx.o [1]
  .text              ro code  0x08000d34    0x4  startup_stm32f746xx.o [1]
  .text              ro code  0x08000d38    0x4  startup_stm32f746xx.o [1]
  .text              ro code  0x08000d3c    0x4  startup_stm32f746xx.o [1]
  .text              ro code  0x08000d40    0x4  startup_stm32f746xx.o [1]
  .text              ro code  0x08000d44    0x4  startup_stm32f746xx.o [1]
  .text              ro code  0x08000d48    0x4  startup_stm32f746xx.o [1]
  .text              ro code  0x08000d4c    0x4  startup_stm32f746xx.o [1]
  .text              ro code  0x08000d50    0x4  startup_stm32f746xx.o [1]
  .text              ro code  0x08000d54    0x4  startup_stm32f746xx.o [1]
  .text              ro code  0x08000d58    0x4  startup_stm32f746xx.o [1]
  .text              ro code  0x08000d5c    0x4  startup_stm32f746xx.o [1]
  .text              ro code  0x08000d60    0x4  startup_stm32f746xx.o [1]
  .text              ro code  0x08000d64    0x4  startup_stm32f746xx.o [1]
  .text              ro code  0x08000d68    0x4  startup_stm32f746xx.o [1]
  .text              ro code  0x08000d6c    0x4  startup_stm32f746xx.o [1]
  .text              ro code  0x08000d70    0x4  startup_stm32f746xx.o [1]
  .text              ro code  0x08000d74    0x4  startup_stm32f746xx.o [1]
  .text              ro code  0x08000d78    0x4  startup_stm32f746xx.o [1]
  .text              ro code  0x08000d7c    0x4  startup_stm32f746xx.o [1]
  .text              ro code  0x08000d80    0x4  startup_stm32f746xx.o [1]
  .text              ro code  0x08000d84    0x4  startup_stm32f746xx.o [1]
  .text              ro code  0x08000d88    0x4  startup_stm32f746xx.o [1]
  .text              ro code  0x08000d8c    0x4  startup_stm32f746xx.o [1]
  .text              ro code  0x08000d90    0x4  startup_stm32f746xx.o [1]
  .text              ro code  0x08000d94    0x4  startup_stm32f746xx.o [1]
  .text              ro code  0x08000d98    0x4  startup_stm32f746xx.o [1]
  .text              ro code  0x08000d9c    0x4  startup_stm32f746xx.o [1]
  .text              ro code  0x08000da0    0x4  startup_stm32f746xx.o [1]
  .text              ro code  0x08000da4    0x4  startup_stm32f746xx.o [1]
  .text              ro code  0x08000da8    0x4  startup_stm32f746xx.o [1]
  .text              ro code  0x08000dac    0x4  startup_stm32f746xx.o [1]
  .text              ro code  0x08000db0    0x4  startup_stm32f746xx.o [1]
  .text              ro code  0x08000db4    0x4  startup_stm32f746xx.o [1]
  .text              ro code  0x08000db8    0x4  startup_stm32f746xx.o [1]
  .text              ro code  0x08000dbc    0x4  startup_stm32f746xx.o [1]
  .text              ro code  0x08000dc0    0x4  startup_stm32f746xx.o [1]
  .text              ro code  0x08000dc4    0x4  startup_stm32f746xx.o [1]
  .text              ro code  0x08000dc8    0x4  startup_stm32f746xx.o [1]
  .text              ro code  0x08000dcc    0x4  startup_stm32f746xx.o [1]
  .text              ro code  0x08000dd0    0x4  startup_stm32f746xx.o [1]
  .text              ro code  0x08000dd4    0x4  startup_stm32f746xx.o [1]
  .text              ro code  0x08000dd8    0x4  startup_stm32f746xx.o [1]
  .text              ro code  0x08000ddc    0x4  startup_stm32f746xx.o [1]
  .text              ro code  0x08000de0    0x4  startup_stm32f746xx.o [1]
  .text              ro code  0x08000de4    0x4  startup_stm32f746xx.o [1]
  .text              ro code  0x08000de8    0x4  startup_stm32f746xx.o [1]
  .text              ro code  0x08000dec    0x4  startup_stm32f746xx.o [1]
  .text              ro code  0x08000df0    0x4  startup_stm32f746xx.o [1]
  .text              ro code  0x08000df4    0x4  startup_stm32f746xx.o [1]
  .text              ro code  0x08000df8    0x4  startup_stm32f746xx.o [1]
  .text              ro code  0x08000dfc    0x4  startup_stm32f746xx.o [1]
  .text              ro code  0x08000e00    0x4  startup_stm32f746xx.o [1]
  .text              ro code  0x08000e04    0x4  startup_stm32f746xx.o [1]
  .text              ro code  0x08000e08    0x4  startup_stm32f746xx.o [1]
  .text              ro code  0x08000e0c    0x4  startup_stm32f746xx.o [1]
  .text              ro code  0x08000e10    0x4  startup_stm32f746xx.o [1]
  .text              ro code  0x08000e14    0x4  startup_stm32f746xx.o [1]
  .text              ro code  0x08000e18    0x4  startup_stm32f746xx.o [1]
  .text              ro code  0x08000e1c    0x4  startup_stm32f746xx.o [1]
  .text              ro code  0x08000e20    0x4  startup_stm32f746xx.o [1]
  .text              ro code  0x08000e24    0x4  startup_stm32f746xx.o [1]
  .text              ro code  0x08000e28    0x4  startup_stm32f746xx.o [1]
  .text              ro code  0x08000e2c    0x4  startup_stm32f746xx.o [1]
  .text              ro code  0x08000e30    0x4  startup_stm32f746xx.o [1]
  .text              ro code  0x08000e34    0x4  startup_stm32f746xx.o [1]
  .text              ro code  0x08000e38    0x4  startup_stm32f746xx.o [1]
  .text              ro code  0x08000e3c    0x4  startup_stm32f746xx.o [1]
  .text              ro code  0x08000e40    0x4  startup_stm32f746xx.o [1]
  .text              ro code  0x08000e44    0x4  startup_stm32f746xx.o [1]
  .text              ro code  0x08000e48    0x4  startup_stm32f746xx.o [1]
  .text              ro code  0x08000e4c    0x4  startup_stm32f746xx.o [1]
  .text              ro code  0x08000e50    0x4  startup_stm32f746xx.o [1]
  .text              ro code  0x08000e54    0x4  startup_stm32f746xx.o [1]
  .text              ro code  0x08000e58    0x4  startup_stm32f746xx.o [1]
  .text              ro code  0x08000e5c    0x4  startup_stm32f746xx.o [1]
  .text              ro code  0x08000e60    0x4  startup_stm32f746xx.o [1]
  .text              ro code  0x08000e64    0x4  startup_stm32f746xx.o [1]
  .text              ro code  0x08000e68    0x4  startup_stm32f746xx.o [1]
  .text              ro code  0x08000e6c    0x4  startup_stm32f746xx.o [1]
  .text              ro code  0x08000e70    0x4  startup_stm32f746xx.o [1]
  .text              ro code  0x08000e74    0x4  startup_stm32f746xx.o [1]
  .text              ro code  0x08000e78    0x4  startup_stm32f746xx.o [1]
  .text              ro code  0x08000e7c    0x4  startup_stm32f746xx.o [1]
  .text              ro code  0x08000e80    0x4  startup_stm32f746xx.o [1]
  .text              ro code  0x08000e84    0x4  startup_stm32f746xx.o [1]
  .text              ro code  0x08000e88    0x4  startup_stm32f746xx.o [1]
  .text              ro code  0x08000e8c    0x4  startup_stm32f746xx.o [1]
  .text              ro code  0x08000e90    0x4  startup_stm32f746xx.o [1]
  .text              ro code  0x08000e94    0x4  startup_stm32f746xx.o [1]
  .text              ro code  0x08000e98    0x4  startup_stm32f746xx.o [1]
  .text              ro code  0x08000e9c    0x4  startup_stm32f746xx.o [1]
  .text              ro code  0x08000ea0    0x4  startup_stm32f746xx.o [1]
  .text              ro code  0x08000ea4    0x4  startup_stm32f746xx.o [1]
  .text              ro code  0x08000ea8    0x4  startup_stm32f746xx.o [1]
  .rodata            const    0x08000eac    0x0  copy_init3.o [5]
                            - 0x08000eac  0xce4

"P2", part 1 of 2:                          0x8
  P2-1                        0x20000000    0x8  <Init block>
    .data            inited   0x20000000    0x4  system_stm32f7xx.o [1]
    .bss             inited   0x20000004    0x4  stm32f7xx_hal.o [1]
                            - 0x20000008    0x8

"P2", part 2 of 2:                        0x400
  CSTACK                      0x20000008  0x400  <Block>
    CSTACK           uninit   0x20000008  0x400  <Block tail>
                            - 0x20000408  0x400


*******************************************************************************
*** INIT TABLE
***

          Address     Size
          -------     ----
Copy (__iar_copy_init3)
    1 source range, total size 0x8:
          0x08000d20   0x8
    1 destination range, total size 0x8:
          0x20000000   0x8



*******************************************************************************
*** MODULE SUMMARY
***

    Module                  ro code  ro data  rw data
    ------                  -------  -------  -------
C:\Users\user\Desktop\teageuk\MCU\mcu_test\EWARM\mcu_test\Obj: [1]
    main.o                      304
    startup_stm32f746xx.o       860
    stm32f7xx_hal.o             114        4        4
    stm32f7xx_hal_cortex.o      206
    stm32f7xx_hal_gpio.o        496
    stm32f7xx_hal_msp.o          96
    stm32f7xx_hal_pwr_ex.o      116
    stm32f7xx_hal_rcc.o       1 204
    stm32f7xx_it.o               30
    system_stm32f7xx.o           96        4        4
    -------------------------------------------------
    Total:                    3 522        8        8

command line: [2]
    -------------------------------------------------
    Total:

dl7M_tlf.a: [3]
    exit.o                        4
    low_level_init.o              4
    -------------------------------------------------
    Total:                        8

m7M_tls.a: [4]
    fpinit_M.o                   34
    -------------------------------------------------
    Total:                       34

rt7M_tl.a: [5]
    cexit.o                      10
    cmain.o                      26
    copy_init3.o                 44
    cstartup_M.o                 12
    data_init.o                  40
    -------------------------------------------------
    Total:                      132

shb_l.a: [6]
    exit.o                       20
    -------------------------------------------------
    Total:                       20

    Gaps                         10        2
    Linker created                        20    1 024
-----------------------------------------------------
    Grand Total:              3 726       30    1 032


*******************************************************************************
*** ENTRY LIST
***

Entry                      Address   Size  Type      Object
-----                      -------   ----  ----      ------
.iar.init_table$$Base   0x08000c7c          --   Gb  - Linker created -
.iar.init_table$$Limit  0x08000c90          --   Gb  - Linker created -
?main                   0x08000cc1         Code  Gb  cmain.o [5]
AHBPrescTable           0x08000bf4   0x10  Data  Gb  system_stm32f7xx.o [1]
BusFault_Handler        0x08000c97    0x2  Code  Gb  stm32f7xx_it.o [1]
CSTACK$$Base            0x20000008          --   Gb  - Linker created -
CSTACK$$Limit           0x20000408          --   Gb  - Linker created -
DebugMon_Handler        0x08000c9d    0x2  Code  Gb  stm32f7xx_it.o [1]
HAL_Delay               0x08000ab7   0x18  Code  Wk  stm32f7xx_hal.o [1]
HAL_GPIO_Init           0x08000781  0x1aa  Code  Gb  stm32f7xx_hal_gpio.o [1]
HAL_GPIO_TogglePin      0x08000933    0x8  Code  Gb  stm32f7xx_hal_gpio.o [1]
HAL_GPIO_WritePin       0x0800092b    0x8  Code  Gb  stm32f7xx_hal_gpio.o [1]
HAL_GetTick             0x0800067d    0xc  Code  Wk  stm32f7xx_hal.o [1]
HAL_IncTick             0x08000cb1   0x10  Code  Wk  stm32f7xx_hal.o [1]
HAL_Init                0x08000aa1   0x16  Code  Gb  stm32f7xx_hal.o [1]
HAL_InitTick            0x08000689   0x28  Code  Wk  stm32f7xx_hal.o [1]
HAL_MspInit             0x08000b45   0x60  Code  Gb  stm32f7xx_hal_msp.o [1]
HAL_NVIC_SetPriority    0x080006e5   0x3a  Code  Gb  stm32f7xx_hal_cortex.o [1]
HAL_NVIC_SetPriorityGrouping
                        0x080006cb   0x1a  Code  Gb  stm32f7xx_hal_cortex.o [1]
HAL_PWREx_EnableOverDrive
                        0x08000ad1   0x48  Code  Gb  stm32f7xx_hal_pwr_ex.o [1]
HAL_RCC_ClockConfig     0x080004eb  0x10c  Code  Gb  stm32f7xx_hal_rcc.o [1]
HAL_RCC_GetHCLKFreq     0x08000655    0x6  Code  Gb  stm32f7xx_hal_rcc.o [1]
HAL_RCC_GetSysClockFreq
                        0x0800060b   0x4a  Code  Gb  stm32f7xx_hal_rcc.o [1]
HAL_RCC_OscConfig       0x080001c9  0x322  Code  Gb  stm32f7xx_hal_rcc.o [1]
HAL_SYSTICK_CLKSourceConfig
                        0x08000747   0x1a  Code  Gb  stm32f7xx_hal_cortex.o [1]
HAL_SYSTICK_Config      0x0800071f   0x28  Code  Gb  stm32f7xx_hal_cortex.o [1]
HAL_SYSTICK_IRQHandler  0x08000779    0x4  Code  Gb  stm32f7xx_hal_cortex.o [1]
HardFault_Handler       0x08000c93    0x2  Code  Gb  stm32f7xx_it.o [1]
MemManage_Handler       0x08000c95    0x2  Code  Gb  stm32f7xx_it.o [1]
NMI_Handler             0x08000c91    0x2  Code  Gb  stm32f7xx_it.o [1]
NVIC_SetPriority        0x080006b1   0x1a  Code  Lc  stm32f7xx_hal_cortex.o [1]
PendSV_Handler          0x08000c9f    0x2  Code  Gb  stm32f7xx_it.o [1]
Region$$Table$$Base     0x08000c7c          --   Gb  - Linker created -
Region$$Table$$Limit    0x08000c90          --   Gb  - Linker created -
SVC_Handler             0x08000c9b    0x2  Code  Gb  stm32f7xx_it.o [1]
SysTick_Handler         0x08000ca1    0xe  Code  Gb  stm32f7xx_it.o [1]
SystemClock_Config      0x080009e7   0xaa  Code  Gb  main.o [1]
SystemCoreClock         0x20000000    0x4  Data  Gb  system_stm32f7xx.o [1]
SystemInit              0x08000ba5   0x3a  Code  Gb  system_stm32f7xx.o [1]
UsageFault_Handler      0x08000c99    0x2  Code  Gb  stm32f7xx_it.o [1]
__cmain                 0x08000cc1         Code  Gb  cmain.o [5]
__exit                  0x08000cf1   0x14  Code  Gb  exit.o [6]
__iar_copy_init3        0x08000c05   0x2c  Code  Gb  copy_init3.o [5]
__iar_data_init3        0x08000c31   0x28  Code  Gb  data_init.o [5]
__iar_init_vfp          0x08000c59         Code  Gb  fpinit_M.o [4]
__iar_program_start     0x08000d15         Code  Gb  cstartup_M.o [5]
__iar_systems$$module {Abs}
                        0x00000001         Data  Gb  command line/config [2]
__low_level_init        0x08000cdb    0x4  Code  Gb  low_level_init.o [3]
__vector_table          0x08000000         Data  Gb  startup_stm32f746xx.o [1]
_call_main              0x08000ccd         Code  Gb  cmain.o [5]
_exit                   0x08000ce5         Code  Gb  cexit.o [5]
_main                   0x08000cd7         Code  Gb  cmain.o [5]
exit                    0x08000cdf    0x4  Code  Gb  exit.o [3]
main                    0x08000971   0x76  Code  Gb  main.o [1]
uwTick                  0x20000004    0x4  Data  Gb  stm32f7xx_hal.o [1]


[1] = C:\Users\user\Desktop\teageuk\MCU\mcu_test\EWARM\mcu_test\Obj
[2] = command line
[3] = dl7M_tlf.a
[4] = m7M_tls.a
[5] = rt7M_tl.a
[6] = shb_l.a

  3 726 bytes of readonly  code memory
     30 bytes of readonly  data memory
  1 032 bytes of readwrite data memory

Errors: none
Warnings: none
