###############################################################################
#
# IAR ELF Linker V8.11.1.13263/W32 for ARM                13/Jul/2017  23:59:11
# Copyright 2007-2017 IAR Systems AB.
#
#    Output file  =  
#        C:\Users\user\Desktop\teageuk\MCU\17_06_30\EWARM\17_06_30\Exe\17_06_30.out
#    Map file     =  
#        C:\Users\user\Desktop\teageuk\MCU\17_06_30\EWARM\17_06_30\List\17_06_30.map
#    Command line =  
#        -f C:\Users\user\AppData\Local\Temp\EW67F7.tmp
#        (C:\Users\user\Desktop\teageuk\MCU\17_06_30\EWARM\17_06_30\Obj\main.o
#        C:\Users\user\Desktop\teageuk\MCU\17_06_30\EWARM\17_06_30\Obj\startup_stm32f746xx.o
#        C:\Users\user\Desktop\teageuk\MCU\17_06_30\EWARM\17_06_30\Obj\stm32f7xx_hal.o
#        C:\Users\user\Desktop\teageuk\MCU\17_06_30\EWARM\17_06_30\Obj\stm32f7xx_hal_cortex.o
#        C:\Users\user\Desktop\teageuk\MCU\17_06_30\EWARM\17_06_30\Obj\stm32f7xx_hal_dac.o
#        C:\Users\user\Desktop\teageuk\MCU\17_06_30\EWARM\17_06_30\Obj\stm32f7xx_hal_dac_ex.o
#        C:\Users\user\Desktop\teageuk\MCU\17_06_30\EWARM\17_06_30\Obj\stm32f7xx_hal_dma.o
#        C:\Users\user\Desktop\teageuk\MCU\17_06_30\EWARM\17_06_30\Obj\stm32f7xx_hal_dma_ex.o
#        C:\Users\user\Desktop\teageuk\MCU\17_06_30\EWARM\17_06_30\Obj\stm32f7xx_hal_flash.o
#        C:\Users\user\Desktop\teageuk\MCU\17_06_30\EWARM\17_06_30\Obj\stm32f7xx_hal_flash_ex.o
#        C:\Users\user\Desktop\teageuk\MCU\17_06_30\EWARM\17_06_30\Obj\stm32f7xx_hal_gpio.o
#        C:\Users\user\Desktop\teageuk\MCU\17_06_30\EWARM\17_06_30\Obj\stm32f7xx_hal_i2c.o
#        C:\Users\user\Desktop\teageuk\MCU\17_06_30\EWARM\17_06_30\Obj\stm32f7xx_hal_i2c_ex.o
#        C:\Users\user\Desktop\teageuk\MCU\17_06_30\EWARM\17_06_30\Obj\stm32f7xx_hal_msp.o
#        C:\Users\user\Desktop\teageuk\MCU\17_06_30\EWARM\17_06_30\Obj\stm32f7xx_hal_pwr.o
#        C:\Users\user\Desktop\teageuk\MCU\17_06_30\EWARM\17_06_30\Obj\stm32f7xx_hal_pwr_ex.o
#        C:\Users\user\Desktop\teageuk\MCU\17_06_30\EWARM\17_06_30\Obj\stm32f7xx_hal_rcc.o
#        C:\Users\user\Desktop\teageuk\MCU\17_06_30\EWARM\17_06_30\Obj\stm32f7xx_hal_rcc_ex.o
#        C:\Users\user\Desktop\teageuk\MCU\17_06_30\EWARM\17_06_30\Obj\stm32f7xx_hal_spi.o
#        C:\Users\user\Desktop\teageuk\MCU\17_06_30\EWARM\17_06_30\Obj\stm32f7xx_hal_tim.o
#        C:\Users\user\Desktop\teageuk\MCU\17_06_30\EWARM\17_06_30\Obj\stm32f7xx_hal_tim_ex.o
#        C:\Users\user\Desktop\teageuk\MCU\17_06_30\EWARM\17_06_30\Obj\stm32f7xx_hal_uart.o
#        C:\Users\user\Desktop\teageuk\MCU\17_06_30\EWARM\17_06_30\Obj\stm32f7xx_it.o
#        C:\Users\user\Desktop\teageuk\MCU\17_06_30\EWARM\17_06_30\Obj\system_stm32f7xx.o
#        --redirect _Printf=_PrintfFull --redirect _Scanf=_ScanfFull -o
#        C:\Users\user\Desktop\teageuk\MCU\17_06_30\EWARM\17_06_30\Exe\17_06_30.out
#        --map
#        C:\Users\user\Desktop\teageuk\MCU\17_06_30\EWARM\17_06_30\List\17_06_30.map
#        --config
#        C:\Users\user\Desktop\teageuk\MCU\17_06_30\EWARM/stm32f746xx_flash.icf
#        --semihosting --entry __iar_program_start --vfe --text_out locale)
#
###############################################################################

*******************************************************************************
*** RUNTIME MODEL ATTRIBUTES
***

CppFlavor       = *
__SystemLibrary = DLib
__dlib_version  = 6


*******************************************************************************
*** HEAP SELECTION
***

The basic heap was selected because no calls to memory allocation
functions were found in the application outside of system library
functions, and there are calls to deallocation functions in the
application.


*******************************************************************************
*** PLACEMENT SUMMARY
***

"A0":  place at 0x08000000 { ro section .intvec };
"P1":  place in [from 0x08000000 to 0x080fffff] { ro };
"P2":  place in [from 0x20000000 to 0x2004ffff] { rw, block CSTACK, block HEAP };
initialize by copy { rw };

  Section            Kind        Address    Size  Object
  -------            ----        -------    ----  ------
"A0":                                      0x1c8
  .intvec            ro code  0x08000000   0x1c8  startup_stm32f746xx.o [1]
                            - 0x080001c8   0x1c8

"P1":                                     0x34a0
  .text              ro code  0x080001c8   0x954  main.o [1]
  .text              ro code  0x08000b1c    0x16  stm32f7xx_hal.o [1]
  .text              ro code  0x08000b34   0x1e8  stm32f7xx_hal_gpio.o [1]
  .text              ro code  0x08000d1c   0x6ea  stm32f7xx_hal_tim.o [1]
  .text              ro code  0x08001408   0x158  stm32f7xx_hal_tim_ex.o [1]
  .text              ro code  0x08001560   0x1c4  stm32f7xx_hal_spi.o [1]
  .text              ro code  0x08001724   0x624  stm32f7xx_hal_uart.o [1]
  .text              ro code  0x08001d48    0x70  stm32f7xx_hal_dac.o [1]
  .text              ro code  0x08001db8    0x18  stm32f7xx_hal.o [1]
  .text              ro code  0x08001dd0   0x4e0  stm32f7xx_hal_rcc.o [1]
  .text              ro code  0x080022b0   0x47c  stm32f7xx_hal_rcc_ex.o [1]
  .text              ro code  0x0800272c    0xe6  stm32f7xx_hal_cortex.o [1]
  .text              ro code  0x08002814    0x48  FltToDbl.o [4]
  .text              ro code  0x0800285c   0x178  DblAdd.o [4]
  .text              ro code  0x080029d4    0x68  DblToFlt.o [4]
  .text              ro code  0x08002a3c   0x192  DblMul.o [4]
  .text              ro code  0x08002bd0    0x28  stm32f7xx_hal.o [1]
  .text              ro code  0x08002bf8   0x354  stm32f7xx_hal_msp.o [1]
  .text              ro code  0x08002f4c     0x2  stm32f7xx_hal_tim.o [1]
  .text              ro code  0x08002f4e     0x2  stm32f7xx_hal_tim.o [1]
  .text              ro code  0x08002f50     0x2  stm32f7xx_hal_tim.o [1]
  .text              ro code  0x08002f52     0x2  stm32f7xx_hal_tim.o [1]
  .text              ro code  0x08002f54     0x2  stm32f7xx_hal_tim.o [1]
  .text              ro code  0x08002f56     0x2  stm32f7xx_hal_tim_ex.o [1]
  .text              ro code  0x08002f58     0x2  stm32f7xx_hal_tim.o [1]
  .text              ro code  0x08002f5a     0x2  stm32f7xx_hal_tim_ex.o [1]
  .text              ro code  0x08002f5c     0x2  stm32f7xx_hal_tim.o [1]
  .text              ro code  0x08002f60    0x24  stm32f7xx_hal_dma.o [1]
  .text              ro code  0x08002f84     0x2  stm32f7xx_hal_spi.o [1]
  .text              ro code  0x08002f86     0x2  stm32f7xx_hal_uart.o [1]
  .text              ro code  0x08002f88     0x2  stm32f7xx_hal_uart.o [1]
  .text              ro code  0x08002f8c     0xc  stm32f7xx_hal.o [1]
  .text              ro code  0x08002f98     0x2  stm32f7xx_hal_uart.o [1]
  .text              ro code  0x08002f9c    0xd2  DblSub.o [4]
  .text              ro code  0x08003070   0x2c8  stm32f7xx_it.o [1]
  .text              ro code  0x08003338    0x10  stm32f7xx_hal.o [1]
  .text              ro code  0x08003348    0x60  system_stm32f7xx.o [1]
  .text              ro code  0x080033a8    0x40  zero_init3.o [5]
  .text              ro code  0x080033e8    0x2c  copy_init3.o [5]
  .text              ro code  0x08003414    0x28  data_init.o [5]
  .text              ro code  0x0800343c    0x22  fpinit_M.o [4]
  .iar.init_table    const    0x08003460    0x24  - Linker created -
  .text              ro code  0x08003484    0x1a  cmain.o [5]
  .text              ro code  0x0800349e     0x4  low_level_init.o [3]
  .text              ro code  0x080034a2     0x4  exit.o [3]
  .text              ro code  0x080034a8     0xa  cexit.o [5]
  .text              ro code  0x080034b4    0x14  exit.o [6]
  .text              ro code  0x080034c8    0x10  startup_stm32f746xx.o [1]
  .rodata            const    0x080034d8     0xc  main.o [1]
  .text              ro code  0x080034e4     0xc  cstartup_M.o [5]
  .rodata            const    0x080034f0     0x8  system_stm32f7xx.o [1]
  .text              ro code  0x080034f8     0x4  startup_stm32f746xx.o [1]
  .text              ro code  0x080034fc     0x4  startup_stm32f746xx.o [1]
  .text              ro code  0x08003500     0x4  startup_stm32f746xx.o [1]
  .text              ro code  0x08003504     0x4  startup_stm32f746xx.o [1]
  .text              ro code  0x08003508     0x4  startup_stm32f746xx.o [1]
  .text              ro code  0x0800350c     0x4  startup_stm32f746xx.o [1]
  .text              ro code  0x08003510     0x4  startup_stm32f746xx.o [1]
  .text              ro code  0x08003514     0x4  startup_stm32f746xx.o [1]
  .text              ro code  0x08003518     0x4  startup_stm32f746xx.o [1]
  .text              ro code  0x0800351c     0x4  startup_stm32f746xx.o [1]
  .text              ro code  0x08003520     0x4  startup_stm32f746xx.o [1]
  .text              ro code  0x08003524     0x4  startup_stm32f746xx.o [1]
  .text              ro code  0x08003528     0x4  startup_stm32f746xx.o [1]
  .text              ro code  0x0800352c     0x4  startup_stm32f746xx.o [1]
  .text              ro code  0x08003530     0x4  startup_stm32f746xx.o [1]
  .text              ro code  0x08003534     0x4  startup_stm32f746xx.o [1]
  .text              ro code  0x08003538     0x4  startup_stm32f746xx.o [1]
  .text              ro code  0x0800353c     0x4  startup_stm32f746xx.o [1]
  .text              ro code  0x08003540     0x4  startup_stm32f746xx.o [1]
  .text              ro code  0x08003544     0x4  startup_stm32f746xx.o [1]
  .text              ro code  0x08003548     0x4  startup_stm32f746xx.o [1]
  .text              ro code  0x0800354c     0x4  startup_stm32f746xx.o [1]
  .text              ro code  0x08003550     0x4  startup_stm32f746xx.o [1]
  .text              ro code  0x08003554     0x4  startup_stm32f746xx.o [1]
  .text              ro code  0x08003558     0x4  startup_stm32f746xx.o [1]
  .text              ro code  0x0800355c     0x4  startup_stm32f746xx.o [1]
  .text              ro code  0x08003560     0x4  startup_stm32f746xx.o [1]
  .text              ro code  0x08003564     0x4  startup_stm32f746xx.o [1]
  .text              ro code  0x08003568     0x4  startup_stm32f746xx.o [1]
  .text              ro code  0x0800356c     0x4  startup_stm32f746xx.o [1]
  .text              ro code  0x08003570     0x4  startup_stm32f746xx.o [1]
  .text              ro code  0x08003574     0x4  startup_stm32f746xx.o [1]
  .text              ro code  0x08003578     0x4  startup_stm32f746xx.o [1]
  .text              ro code  0x0800357c     0x4  startup_stm32f746xx.o [1]
  .text              ro code  0x08003580     0x4  startup_stm32f746xx.o [1]
  .text              ro code  0x08003584     0x4  startup_stm32f746xx.o [1]
  .text              ro code  0x08003588     0x4  startup_stm32f746xx.o [1]
  .text              ro code  0x0800358c     0x4  startup_stm32f746xx.o [1]
  .text              ro code  0x08003590     0x4  startup_stm32f746xx.o [1]
  .text              ro code  0x08003594     0x4  startup_stm32f746xx.o [1]
  .text              ro code  0x08003598     0x4  startup_stm32f746xx.o [1]
  .text              ro code  0x0800359c     0x4  startup_stm32f746xx.o [1]
  .text              ro code  0x080035a0     0x4  startup_stm32f746xx.o [1]
  .text              ro code  0x080035a4     0x4  startup_stm32f746xx.o [1]
  .text              ro code  0x080035a8     0x4  startup_stm32f746xx.o [1]
  .text              ro code  0x080035ac     0x4  startup_stm32f746xx.o [1]
  .text              ro code  0x080035b0     0x4  startup_stm32f746xx.o [1]
  .text              ro code  0x080035b4     0x4  startup_stm32f746xx.o [1]
  .text              ro code  0x080035b8     0x4  startup_stm32f746xx.o [1]
  .text              ro code  0x080035bc     0x4  startup_stm32f746xx.o [1]
  .text              ro code  0x080035c0     0x4  startup_stm32f746xx.o [1]
  .text              ro code  0x080035c4     0x4  startup_stm32f746xx.o [1]
  .text              ro code  0x080035c8     0x4  startup_stm32f746xx.o [1]
  .text              ro code  0x080035cc     0x4  startup_stm32f746xx.o [1]
  .text              ro code  0x080035d0     0x4  startup_stm32f746xx.o [1]
  .text              ro code  0x080035d4     0x4  startup_stm32f746xx.o [1]
  .text              ro code  0x080035d8     0x4  startup_stm32f746xx.o [1]
  .text              ro code  0x080035dc     0x4  startup_stm32f746xx.o [1]
  .text              ro code  0x080035e0     0x4  startup_stm32f746xx.o [1]
  .text              ro code  0x080035e4     0x4  startup_stm32f746xx.o [1]
  .text              ro code  0x080035e8     0x4  startup_stm32f746xx.o [1]
  .text              ro code  0x080035ec     0x4  startup_stm32f746xx.o [1]
  .text              ro code  0x080035f0     0x4  startup_stm32f746xx.o [1]
  .text              ro code  0x080035f4     0x4  startup_stm32f746xx.o [1]
  .text              ro code  0x080035f8     0x4  startup_stm32f746xx.o [1]
  .text              ro code  0x080035fc     0x4  startup_stm32f746xx.o [1]
  .text              ro code  0x08003600     0x4  startup_stm32f746xx.o [1]
  .text              ro code  0x08003604     0x4  startup_stm32f746xx.o [1]
  .text              ro code  0x08003608     0x4  startup_stm32f746xx.o [1]
  .text              ro code  0x0800360c     0x4  startup_stm32f746xx.o [1]
  .text              ro code  0x08003610     0x4  startup_stm32f746xx.o [1]
  .text              ro code  0x08003614     0x4  startup_stm32f746xx.o [1]
  .text              ro code  0x08003618     0x4  startup_stm32f746xx.o [1]
  .text              ro code  0x0800361c     0x4  startup_stm32f746xx.o [1]
  .text              ro code  0x08003620     0x4  startup_stm32f746xx.o [1]
  .text              ro code  0x08003624     0x4  startup_stm32f746xx.o [1]
  .text              ro code  0x08003628     0x4  startup_stm32f746xx.o [1]
  .text              ro code  0x0800362c     0x4  startup_stm32f746xx.o [1]
  .text              ro code  0x08003630     0x4  startup_stm32f746xx.o [1]
  .text              ro code  0x08003634     0x4  startup_stm32f746xx.o [1]
  .text              ro code  0x08003638     0x4  startup_stm32f746xx.o [1]
  .text              ro code  0x0800363c     0x4  startup_stm32f746xx.o [1]
  .text              ro code  0x08003640     0x4  startup_stm32f746xx.o [1]
  .text              ro code  0x08003644     0x4  startup_stm32f746xx.o [1]
  .text              ro code  0x08003648     0x4  startup_stm32f746xx.o [1]
  .text              ro code  0x0800364c     0x4  startup_stm32f746xx.o [1]
  .text              ro code  0x08003650     0x4  startup_stm32f746xx.o [1]
  .text              ro code  0x08003654     0x4  startup_stm32f746xx.o [1]
  .text              ro code  0x08003658     0x4  startup_stm32f746xx.o [1]
  .text              ro code  0x0800365c     0x4  startup_stm32f746xx.o [1]
  .text              ro code  0x08003660     0x4  startup_stm32f746xx.o [1]
  Initializer bytes  const    0x08003664     0x4  <for P2-1>
  .rodata            const    0x08003668     0x0  zero_init3.o [5]
  .rodata            const    0x08003668     0x0  copy_init3.o [5]
                            - 0x08003668  0x34a0

"P2", part 1 of 3:                           0x4
  P2-1                        0x20000000     0x4  <Init block>
    .data            inited   0x20000000     0x4  system_stm32f7xx.o [1]
                            - 0x20000004     0x4

"P2", part 2 of 3:                         0x400
  CSTACK                      0x20000008   0x400  <Block>
    CSTACK           uninit   0x20000008   0x400  <Block tail>
                            - 0x20000408   0x400

"P2", part 3 of 3:                         0x92c
  .bss               zero     0x20000408   0x3ec  stm32f7xx_it.o [1]
  .bss               zero     0x200007f4   0x39c  main.o [1]
  .bss               zero     0x20000b90    0x90  main.o [1]
  .bss               zero     0x20000c20    0x7c  main.o [1]
  .bss               zero     0x20000c9c    0x68  main.o [1]
  .bss               zero     0x20000d04    0x10  stm32f7xx_it.o [1]
  .bss               zero     0x20000d14     0xc  main.o [1]
  .bss               zero     0x20000d20     0x4  main.o [1]
  .bss               zero     0x20000d24     0x4  main.o [1]
  .bss               zero     0x20000d28     0x4  main.o [1]
  .bss               zero     0x20000d2c     0x4  stm32f7xx_hal.o [1]
  .bss               zero     0x20000d30     0x1  stm32f7xx_it.o [1]
                            - 0x20000d31   0x929


*******************************************************************************
*** INIT TABLE
***

          Address     Size
          -------     ----
Zero (__iar_zero_init3)
    1 destination range, total size 0x929:
          0x20000408  0x929

Copy (__iar_copy_init3)
    1 source range, total size 0x4:
          0x08003664    0x4
    1 destination range, total size 0x4:
          0x20000000    0x4



*******************************************************************************
*** MODULE SUMMARY
***

    Module                  ro code  ro data  rw data
    ------                  -------  -------  -------
C:\Users\user\Desktop\teageuk\MCU\17_06_30\EWARM\17_06_30\Obj: [1]
    main.o                    2 388       12    1 320
    startup_stm32f746xx.o       836
    stm32f7xx_hal.o             114                 4
    stm32f7xx_hal_cortex.o      230
    stm32f7xx_hal_dac.o         112
    stm32f7xx_hal_dma.o          36
    stm32f7xx_hal_gpio.o        488
    stm32f7xx_hal_msp.o         852
    stm32f7xx_hal_rcc.o       1 248
    stm32f7xx_hal_rcc_ex.o    1 148
    stm32f7xx_hal_spi.o         454
    stm32f7xx_hal_tim.o       1 784
    stm32f7xx_hal_tim_ex.o      348
    stm32f7xx_hal_uart.o      1 578
    stm32f7xx_it.o              712             1 021
    system_stm32f7xx.o           96       12        4
    -------------------------------------------------
    Total:                   12 424       24    2 349

command line: [2]
    -------------------------------------------------
    Total:

dl7M_tlf.a: [3]
    exit.o                        4
    low_level_init.o              4
    -------------------------------------------------
    Total:                        8

m7M_tls.a: [4]
    DblAdd.o                    376
    DblMul.o                    402
    DblSub.o                    210
    DblToFlt.o                  104
    FltToDbl.o                   72
    fpinit_M.o                   34
    -------------------------------------------------
    Total:                    1 198

rt7M_tl.a: [5]
    cexit.o                      10
    cmain.o                      26
    copy_init3.o                 44
    cstartup_M.o                 12
    data_init.o                  40
    zero_init3.o                 64
    -------------------------------------------------
    Total:                      196

shb_l.a: [6]
    exit.o                       20
    -------------------------------------------------
    Total:                       20

    Gaps                         20        2
    Linker created                        36    1 024
-----------------------------------------------------
    Grand Total:             13 866       62    3 373


*******************************************************************************
*** ENTRY LIST
***

Entry                      Address   Size  Type      Object
-----                      -------   ----  ----      ------
.iar.init_table$$Base   0x08003460          --   Gb  - Linker created -
.iar.init_table$$Limit  0x08003484          --   Gb  - Linker created -
?main                   0x08003485         Code  Gb  cmain.o [5]
AHBPrescTable           0x08003398   0x10  Data  Gb  system_stm32f7xx.o [1]
APBPrescTable           0x080034f0    0x8  Data  Gb  system_stm32f7xx.o [1]
BusFault_Handler        0x08003077    0x2  Code  Gb  stm32f7xx_it.o [1]
CSTACK$$Base            0x20000008          --   Gb  - Linker created -
CSTACK$$Limit           0x20000408          --   Gb  - Linker created -
Control                 0x20000bac    0xc  Data  Gb  main.o [1]
DebugMon_Handler        0x0800307d    0x2  Code  Gb  stm32f7xx_it.o [1]
Gyro_que                0x20000c9c   0x68  Data  Gb  main.o [1]
HAL_DAC_ConfigChannel   0x08001d71   0x48  Code  Gb  stm32f7xx_hal_dac.o [1]
HAL_DAC_Init            0x08001d49   0x28  Code  Gb  stm32f7xx_hal_dac.o [1]
HAL_DAC_MspInit         0x08002c59   0x40  Code  Gb  stm32f7xx_hal_msp.o [1]
HAL_DMA_Abort_IT        0x08002f61   0x24  Code  Gb  stm32f7xx_hal_dma.o [1]
HAL_Delay               0x08001db9   0x18  Code  Wk  stm32f7xx_hal.o [1]
HAL_GPIO_Init           0x08000b35  0x1aa  Code  Gb  stm32f7xx_hal_gpio.o [1]
HAL_GPIO_WritePin       0x08000cdf    0x8  Code  Gb  stm32f7xx_hal_gpio.o [1]
HAL_GetTick             0x08002f8d    0xc  Code  Wk  stm32f7xx_hal.o [1]
HAL_IncTick             0x08003339   0x10  Code  Wk  stm32f7xx_hal.o [1]
HAL_Init                0x08000b1d   0x16  Code  Gb  stm32f7xx_hal.o [1]
HAL_InitTick            0x08002bd1   0x28  Code  Wk  stm32f7xx_hal.o [1]
HAL_MspInit             0x08002bf9   0x60  Code  Gb  stm32f7xx_hal_msp.o [1]
HAL_NVIC_EnableIRQ      0x0800279b    0xc  Code  Gb  stm32f7xx_hal_cortex.o [1]
HAL_NVIC_SetPriority    0x08002761   0x3a  Code  Gb  stm32f7xx_hal_cortex.o [1]
HAL_NVIC_SetPriorityGrouping
                        0x08002747   0x1a  Code  Gb  stm32f7xx_hal_cortex.o [1]
HAL_RCCEx_PeriphCLKConfig
                        0x080022b1  0x442  Code  Gb  stm32f7xx_hal_rcc_ex.o [1]
HAL_RCC_ClockConfig     0x080020f3  0x10c  Code  Gb  stm32f7xx_hal_rcc.o [1]
HAL_RCC_GetHCLKFreq     0x0800225d    0x6  Code  Gb  stm32f7xx_hal_rcc.o [1]
HAL_RCC_GetPCLK1Freq    0x08002263   0x10  Code  Gb  stm32f7xx_hal_rcc.o [1]
HAL_RCC_GetPCLK2Freq    0x08002273    0xe  Code  Gb  stm32f7xx_hal_rcc.o [1]
HAL_RCC_GetSysClockFreq
                        0x08002213   0x4a  Code  Gb  stm32f7xx_hal_rcc.o [1]
HAL_RCC_OscConfig       0x08001dd1  0x322  Code  Gb  stm32f7xx_hal_rcc.o [1]
HAL_SPI_IRQHandler      0x0800160b   0xf0  Code  Gb  stm32f7xx_hal_spi.o [1]
HAL_SPI_Init            0x08001561   0xaa  Code  Gb  stm32f7xx_hal_spi.o [1]
HAL_SPI_MspInit         0x08002c99   0x80  Code  Gb  stm32f7xx_hal_msp.o [1]
HAL_SYSTICK_CLKSourceConfig
                        0x080027d7   0x1a  Code  Gb  stm32f7xx_hal_cortex.o [1]
HAL_SYSTICK_Config      0x080027af   0x28  Code  Gb  stm32f7xx_hal_cortex.o [1]
HAL_SYSTICK_IRQHandler  0x0800280d    0x4  Code  Gb  stm32f7xx_hal_cortex.o [1]
HAL_TIMEx_BreakCallback
                        0x08002f57    0x2  Code  Wk  stm32f7xx_hal_tim_ex.o [1]
HAL_TIMEx_CommutationCallback
                        0x08002f5b    0x2  Code  Wk  stm32f7xx_hal_tim_ex.o [1]
HAL_TIMEx_MasterConfigSynchronization
                        0x08001415   0x4a  Code  Gb  stm32f7xx_hal_tim_ex.o [1]
HAL_TIM_Base_Init       0x08000d1d   0x1a  Code  Gb  stm32f7xx_hal_tim.o [1]
HAL_TIM_Base_MspInit    0x08002d3d   0xb4  Code  Gb  stm32f7xx_hal_msp.o [1]
HAL_TIM_ConfigClockSource
                        0x08000fff   0xbe  Code  Gb  stm32f7xx_hal_tim.o [1]
HAL_TIM_ConfigTI1Input  0x080010d9   0x10  Code  Gb  stm32f7xx_hal_tim.o [1]
HAL_TIM_IC_ConfigChannel
                        0x08000eeb  0x114  Code  Gb  stm32f7xx_hal_tim.o [1]
HAL_TIM_IC_Init         0x08000d73   0x1a  Code  Gb  stm32f7xx_hal_tim.o [1]
HAL_TIM_IRQHandler      0x08000d8d  0x158  Code  Gb  stm32f7xx_hal_tim.o [1]
HAL_TIM_OC_ConfigChannel
                        0x0800145f   0x66  Code  Gb  stm32f7xx_hal_tim_ex.o [1]
HAL_TIM_OC_Init         0x08000d37   0x18  Code  Gb  stm32f7xx_hal_tim.o [1]
HAL_UART_IRQHandler     0x080017a9  0x170  Code  Gb  stm32f7xx_hal_uart.o [1]
HAL_UART_Init           0x08001725   0x3c  Code  Gb  stm32f7xx_hal_uart.o [1]
HAL_UART_MspInit        0x08002df1  0x100  Code  Gb  stm32f7xx_hal_msp.o [1]
HardFault_Handler       0x08003073    0x2  Code  Gb  stm32f7xx_it.o [1]
Lora_que                0x20000c20   0x68  Data  Gb  main.o [1]
Lora_timelaps           0x20000c98    0x4  Data  Gb  main.o [1]
Lora_transmit           0x080007dd   0xd6  Code  Gb  main.o [1]
MemManage_Handler       0x08003075    0x2  Code  Gb  stm32f7xx_it.o [1]
NMI_Handler             0x08003071    0x2  Code  Gb  stm32f7xx_it.o [1]
NVIC_SetPriority        0x0800272d   0x1a  Code  Lc  stm32f7xx_hal_cortex.o [1]
PendSV_Handler          0x0800307f    0x2  Code  Gb  stm32f7xx_it.o [1]
Region$$Table$$Base     0x08003460          --   Gb  - Linker created -
Region$$Table$$Limit    0x08003484          --   Gb  - Linker created -
Rock                    0x20000b90   0x18  Data  Gb  main.o [1]
Rock_que                0x20000bb8   0x68  Data  Gb  main.o [1]
Rock_recieve            0x080008c9   0x84  Code  Gb  main.o [1]
SPI4_BATT               0x20000c90    0x4  Data  Gb  main.o [1]
SPI4_CS                 0x080034d8    0xc  Data  Gb  main.o [1]
SPI4_IRQHandler         0x080031e9   0xb6  Code  Gb  stm32f7xx_it.o [1]
SPI4_MOTOR              0x20000c94    0x4  Data  Gb  main.o [1]
SPI4_MPPT               0x20000c8c    0x4  Data  Gb  main.o [1]
SPI4_data               0x20000d04    0xc  Data  Gb  stm32f7xx_it.o [1]
SPI4_filter_index       0x20000d10    0x4  Data  Gb  stm32f7xx_it.o [1]
SPI4_index              0x20000d28    0x4  Data  Gb  main.o [1]
SPI4_sum_data           0x20000d14    0xc  Data  Gb  main.o [1]
SPI_DMAAbortOnError     0x080016fd   0x10  Code  Lc  stm32f7xx_hal_spi.o [1]
SVC_Handler             0x0800307b    0x2  Code  Gb  stm32f7xx_it.o [1]
SysTick_Handler         0x08003081    0xe  Code  Gb  stm32f7xx_it.o [1]
SystemClock_Config      0x080006ad   0xba  Code  Gb  main.o [1]
SystemCoreClock         0x20000000    0x4  Data  Gb  system_stm32f7xx.o [1]
SystemInit              0x08003349   0x3a  Code  Gb  system_stm32f7xx.o [1]
TIM1_TRG_COM_TIM11_IRQHandler
                        0x0800308f   0x68  Code  Gb  stm32f7xx_it.o [1]
TIM2_IRQHandler         0x080030f7   0x5e  Code  Gb  stm32f7xx_it.o [1]
TIM3_IRQHandler         0x08003155   0x4c  Code  Gb  stm32f7xx_it.o [1]
TIM_Base_SetConfig      0x080010ed   0x96  Code  Gb  stm32f7xx_hal_tim.o [1]
TIM_ETR_SetConfig       0x080013f3   0x14  Code  Gb  stm32f7xx_hal_tim.o [1]
TIM_ITRx_SetConfig      0x080013e3   0x10  Code  Lc  stm32f7xx_hal_tim.o [1]
TIM_OC1_SetConfig       0x08001185   0x50  Code  Gb  stm32f7xx_hal_tim.o [1]
TIM_OC2_SetConfig       0x080011d5   0x50  Code  Gb  stm32f7xx_hal_tim.o [1]
TIM_OC3_SetConfig       0x08001225   0x56  Code  Gb  stm32f7xx_hal_tim.o [1]
TIM_OC4_SetConfig       0x0800127b   0x3e  Code  Gb  stm32f7xx_hal_tim.o [1]
TIM_OC5_SetConfig       0x080014c5   0x44  Code  Lc  stm32f7xx_hal_tim_ex.o [1]
TIM_OC6_SetConfig       0x08001509   0x46  Code  Lc  stm32f7xx_hal_tim_ex.o [1]
TIM_TI1_ConfigInputStage
                        0x08001369   0x22  Code  Lc  stm32f7xx_hal_tim.o [1]
TIM_TI1_SetConfig       0x080012c7   0x66  Code  Gb  stm32f7xx_hal_tim.o [1]
TIM_TI2_ConfigInputStage
                        0x080013bf   0x24  Code  Lc  stm32f7xx_hal_tim.o [1]
TIM_TI2_SetConfig       0x0800138b   0x34  Code  Lc  stm32f7xx_hal_tim.o [1]
UART5_IRQHandler        0x080031a7   0x42  Code  Gb  stm32f7xx_it.o [1]
UART_AdvFeatureConfig   0x08001c45   0xc6  Code  Gb  stm32f7xx_hal_uart.o [1]
UART_CheckIdleState     0x08001d0b   0x3e  Code  Gb  stm32f7xx_hal_uart.o [1]
UART_DMAAbortOnError    0x08001979   0x10  Code  Lc  stm32f7xx_hal_uart.o [1]
UART_EndRxTransfer      0x080019fd   0x1c  Code  Lc  stm32f7xx_hal_uart.o [1]
UART_Receive_IT         0x08001989   0x74  Code  Lc  stm32f7xx_hal_uart.o [1]
UART_SetConfig          0x08001a19  0x1fc  Code  Gb  stm32f7xx_hal_uart.o [1]
UART_WaitOnFlagUntilTimeout
                        0x08001919   0x5e  Code  Gb  stm32f7xx_hal_uart.o [1]
USART3_IRQHandler       0x080031a1    0x6  Code  Gb  stm32f7xx_it.o [1]
Uart5_temp_char         0x20000408    0x1  Data  Gb  stm32f7xx_it.o [1]
UsageFault_Handler      0x08003079    0x2  Code  Gb  stm32f7xx_it.o [1]
__aeabi_d2f             0x080029d5         Code  Gb  DblToFlt.o [4]
__aeabi_dadd            0x0800285d         Code  Gb  DblAdd.o [4]
__aeabi_dmul            0x08002a3d         Code  Gb  DblMul.o [4]
__aeabi_f2d             0x08002815         Code  Gb  FltToDbl.o [4]
__cmain                 0x08003485         Code  Gb  cmain.o [5]
__exit                  0x080034b5   0x14  Code  Gb  exit.o [6]
__iar_copy_init3        0x080033e9   0x2c  Code  Gb  copy_init3.o [5]
__iar_dadd              0x08002f9d         Code  Gb  DblSub.o [4]
__iar_data_init3        0x08003415   0x28  Code  Gb  data_init.o [5]
__iar_dsub              0x0800286d         Code  Gb  DblAdd.o [4]
__iar_dsubStart         0x0800287f         Code  Gb  DblAdd.o [4]
__iar_init_vfp          0x0800343d         Code  Gb  fpinit_M.o [4]
__iar_program_start     0x080034e5         Code  Gb  cstartup_M.o [5]
__iar_systems$$module {Abs}
                        0x00000001         Data  Gb  command line/config [2]
__iar_zero_init3        0x080033a9   0x40  Code  Gb  zero_init3.o [5]
__low_level_init        0x0800349f    0x4  Code  Gb  low_level_init.o [3]
__vector_table          0x08000000         Data  Gb  startup_stm32f746xx.o [1]
_call_main              0x08003491         Code  Gb  cmain.o [5]
_exit                   0x080034a9         Code  Gb  cexit.o [5]
_main                   0x0800349b         Code  Gb  cmain.o [5]
check_cnt               0x20000d20    0x4  Data  Gb  main.o [1]
check_cnt2              0x20000d24    0x4  Data  Gb  main.o [1]
debug_buffer            0x2000040c  0x3e8  Data  Gb  stm32f7xx_it.o [1]
debug_index             0x20000409    0x1  Data  Gb  stm32f7xx_it.o [1]
exit                    0x080034a3    0x4  Code  Gb  exit.o [3]
flag_adc_fin            0x20000c88    0x1  Data  Gb  main.o [1]
flag_debug_1            0x20000ba9    0x1  Data  Gb  main.o [1]
flag_debug_2            0x20000d30    0x1  Data  Gb  stm32f7xx_it.o [1]
flag_rock_received      0x20000ba8    0x1  Data  Gb  main.o [1]
hdac                    0x20000b7c   0x14  Data  Gb  main.o [1]
hspi2                   0x200007f4   0x64  Data  Gb  main.o [1]
hspi4                   0x20000858   0x64  Data  Gb  main.o [1]
htim11                  0x20000b3c   0x40  Data  Gb  main.o [1]
htim2                   0x20000a7c   0x40  Data  Gb  main.o [1]
htim3                   0x20000abc   0x40  Data  Gb  main.o [1]
htim5                   0x20000afc   0x40  Data  Gb  main.o [1]
huart3                  0x2000099c   0x70  Data  Gb  main.o [1]
huart4                  0x200008bc   0x70  Data  Gb  main.o [1]
huart5                  0x2000092c   0x70  Data  Gb  main.o [1]
huart6                  0x20000a0c   0x70  Data  Gb  main.o [1]
main                    0x080001c9  0x4a8  Code  Gb  main.o [1]
que_pop                 0x08000799   0x2a  Code  Gb  main.o [1]
que_push                0x08000767   0x32  Code  Gb  main.o [1]
que_push_str            0x080007c3   0x1a  Code  Gb  main.o [1]
uwTick                  0x20000d2c    0x4  Data  Gb  stm32f7xx_hal.o [1]
write_num               0x080009c1   0x94  Code  Gb  main.o [1]
write_timelaps          0x0800095b   0x62  Code  Gb  main.o [1]


[1] = C:\Users\user\Desktop\teageuk\MCU\17_06_30\EWARM\17_06_30\Obj
[2] = command line
[3] = dl7M_tlf.a
[4] = m7M_tls.a
[5] = rt7M_tl.a
[6] = shb_l.a

  13 866 bytes of readonly  code memory
      62 bytes of readonly  data memory
   3 373 bytes of readwrite data memory

Errors: none
Warnings: none
