###############################################################################
#
# IAR ELF Linker V8.11.1.13263/W32 for ARM                29/Jun/2017  23:47:36
# Copyright 2007-2017 IAR Systems AB.
#
#    Output file  =  
#        C:\Users\user\Desktop\teageuk\MCU\123123\EWARM\123123\Exe\123123.out
#    Map file     =  
#        C:\Users\user\Desktop\teageuk\MCU\123123\EWARM\123123\List\123123.map
#    Command line =  
#        -f C:\Users\user\AppData\Local\Temp\EWEAE6.tmp
#        (C:\Users\user\Desktop\teageuk\MCU\123123\EWARM\123123\Obj\main.o
#        C:\Users\user\Desktop\teageuk\MCU\123123\EWARM\123123\Obj\startup_stm32f746xx.o
#        C:\Users\user\Desktop\teageuk\MCU\123123\EWARM\123123\Obj\stm32f7xx_hal.o
#        C:\Users\user\Desktop\teageuk\MCU\123123\EWARM\123123\Obj\stm32f7xx_hal_cortex.o
#        C:\Users\user\Desktop\teageuk\MCU\123123\EWARM\123123\Obj\stm32f7xx_hal_dma.o
#        C:\Users\user\Desktop\teageuk\MCU\123123\EWARM\123123\Obj\stm32f7xx_hal_dma_ex.o
#        C:\Users\user\Desktop\teageuk\MCU\123123\EWARM\123123\Obj\stm32f7xx_hal_flash.o
#        C:\Users\user\Desktop\teageuk\MCU\123123\EWARM\123123\Obj\stm32f7xx_hal_flash_ex.o
#        C:\Users\user\Desktop\teageuk\MCU\123123\EWARM\123123\Obj\stm32f7xx_hal_gpio.o
#        C:\Users\user\Desktop\teageuk\MCU\123123\EWARM\123123\Obj\stm32f7xx_hal_i2c.o
#        C:\Users\user\Desktop\teageuk\MCU\123123\EWARM\123123\Obj\stm32f7xx_hal_i2c_ex.o
#        C:\Users\user\Desktop\teageuk\MCU\123123\EWARM\123123\Obj\stm32f7xx_hal_msp.o
#        C:\Users\user\Desktop\teageuk\MCU\123123\EWARM\123123\Obj\stm32f7xx_hal_pwr.o
#        C:\Users\user\Desktop\teageuk\MCU\123123\EWARM\123123\Obj\stm32f7xx_hal_pwr_ex.o
#        C:\Users\user\Desktop\teageuk\MCU\123123\EWARM\123123\Obj\stm32f7xx_hal_rcc.o
#        C:\Users\user\Desktop\teageuk\MCU\123123\EWARM\123123\Obj\stm32f7xx_hal_rcc_ex.o
#        C:\Users\user\Desktop\teageuk\MCU\123123\EWARM\123123\Obj\stm32f7xx_hal_tim.o
#        C:\Users\user\Desktop\teageuk\MCU\123123\EWARM\123123\Obj\stm32f7xx_hal_tim_ex.o
#        C:\Users\user\Desktop\teageuk\MCU\123123\EWARM\123123\Obj\stm32f7xx_hal_uart.o
#        C:\Users\user\Desktop\teageuk\MCU\123123\EWARM\123123\Obj\stm32f7xx_it.o
#        C:\Users\user\Desktop\teageuk\MCU\123123\EWARM\123123\Obj\system_stm32f7xx.o
#        --redirect _Printf=_PrintfFull --redirect _Scanf=_ScanfFull -o
#        C:\Users\user\Desktop\teageuk\MCU\123123\EWARM\123123\Exe\123123.out
#        --map
#        C:\Users\user\Desktop\teageuk\MCU\123123\EWARM\123123\List\123123.map
#        --config
#        C:\Users\user\Desktop\teageuk\MCU\123123\EWARM/stm32f746xx_flash.icf
#        --semihosting --entry __iar_program_start --vfe --text_out locale)
#
###############################################################################

*******************************************************************************
*** RUNTIME MODEL ATTRIBUTES
***

CppFlavor       = *
__SystemLibrary = DLib
__dlib_version  = 6


*******************************************************************************
*** HEAP SELECTION
***

The basic heap was selected because no calls to memory allocation
functions were found in the application outside of system library
functions, and there are calls to deallocation functions in the
application.


*******************************************************************************
*** PLACEMENT SUMMARY
***

"A0":  place at 0x08000000 { ro section .intvec };
"P1":  place in [from 0x08000000 to 0x080fffff] { ro };
"P2":  place in [from 0x20000000 to 0x2004ffff] { rw, block CSTACK, block HEAP };
initialize by copy { rw };

  Section            Kind        Address    Size  Object
  -------            ----        -------    ----  ------
"A0":                                      0x1c8
  .intvec            ro code  0x08000000   0x1c8  startup_stm32f746xx.o [1]
                            - 0x080001c8   0x1c8

"P1":                                     0x1640
  .text              ro code  0x080001c8   0x4e0  stm32f7xx_hal_rcc.o [1]
  .text              ro code  0x080006a8     0xc  stm32f7xx_hal.o [1]
  .text              ro code  0x080006b4    0x28  stm32f7xx_hal.o [1]
  .text              ro code  0x080006dc    0xce  stm32f7xx_hal_cortex.o [1]
  .text              ro code  0x080007ac   0x47c  stm32f7xx_hal_rcc_ex.o [1]
  .text              ro code  0x08000c28   0x40c  stm32f7xx_hal_uart.o [1]
  .text              ro code  0x08001034    0xb0  stm32f7xx_hal_msp.o [1]
  .text              ro code  0x080010e4   0x1e0  stm32f7xx_hal_gpio.o [1]
  .text              ro code  0x080012c4   0x1d0  main.o [1]
  .text              ro code  0x08001494    0x16  stm32f7xx_hal.o [1]
  .text              ro code  0x080014ac    0x60  system_stm32f7xx.o [1]
  .text              ro code  0x0800150c    0x40  zero_init3.o [5]
  .text              ro code  0x0800154c    0x2c  copy_init3.o [5]
  .text              ro code  0x08001578    0x28  data_init.o [5]
  .text              ro code  0x080015a0    0x22  fpinit_M.o [4]
  .iar.init_table    const    0x080015c4    0x24  - Linker created -
  .text              ro code  0x080015e8    0x1e  stm32f7xx_it.o [1]
  .text              ro code  0x08001608    0x10  stm32f7xx_hal.o [1]
  .text              ro code  0x08001618    0x1a  cmain.o [5]
  .text              ro code  0x08001632     0x4  low_level_init.o [3]
  .text              ro code  0x08001636     0x4  exit.o [3]
  .text              ro code  0x0800163c     0xa  cexit.o [5]
  .text              ro code  0x08001648    0x14  exit.o [6]
  .text              ro code  0x0800165c    0x10  startup_stm32f746xx.o [1]
  .text              ro code  0x0800166c     0xc  cstartup_M.o [5]
  .rodata            const    0x08001678     0x8  system_stm32f7xx.o [1]
  .text              ro code  0x08001680     0x4  startup_stm32f746xx.o [1]
  .text              ro code  0x08001684     0x4  startup_stm32f746xx.o [1]
  .text              ro code  0x08001688     0x4  startup_stm32f746xx.o [1]
  .text              ro code  0x0800168c     0x4  startup_stm32f746xx.o [1]
  .text              ro code  0x08001690     0x4  startup_stm32f746xx.o [1]
  .text              ro code  0x08001694     0x4  startup_stm32f746xx.o [1]
  .text              ro code  0x08001698     0x4  startup_stm32f746xx.o [1]
  .text              ro code  0x0800169c     0x4  startup_stm32f746xx.o [1]
  .text              ro code  0x080016a0     0x4  startup_stm32f746xx.o [1]
  .text              ro code  0x080016a4     0x4  startup_stm32f746xx.o [1]
  .text              ro code  0x080016a8     0x4  startup_stm32f746xx.o [1]
  .text              ro code  0x080016ac     0x4  startup_stm32f746xx.o [1]
  .text              ro code  0x080016b0     0x4  startup_stm32f746xx.o [1]
  .text              ro code  0x080016b4     0x4  startup_stm32f746xx.o [1]
  .text              ro code  0x080016b8     0x4  startup_stm32f746xx.o [1]
  .text              ro code  0x080016bc     0x4  startup_stm32f746xx.o [1]
  .text              ro code  0x080016c0     0x4  startup_stm32f746xx.o [1]
  .text              ro code  0x080016c4     0x4  startup_stm32f746xx.o [1]
  .text              ro code  0x080016c8     0x4  startup_stm32f746xx.o [1]
  .text              ro code  0x080016cc     0x4  startup_stm32f746xx.o [1]
  .text              ro code  0x080016d0     0x4  startup_stm32f746xx.o [1]
  .text              ro code  0x080016d4     0x4  startup_stm32f746xx.o [1]
  .text              ro code  0x080016d8     0x4  startup_stm32f746xx.o [1]
  .text              ro code  0x080016dc     0x4  startup_stm32f746xx.o [1]
  .text              ro code  0x080016e0     0x4  startup_stm32f746xx.o [1]
  .text              ro code  0x080016e4     0x4  startup_stm32f746xx.o [1]
  .text              ro code  0x080016e8     0x4  startup_stm32f746xx.o [1]
  .text              ro code  0x080016ec     0x4  startup_stm32f746xx.o [1]
  .text              ro code  0x080016f0     0x4  startup_stm32f746xx.o [1]
  .text              ro code  0x080016f4     0x4  startup_stm32f746xx.o [1]
  .text              ro code  0x080016f8     0x4  startup_stm32f746xx.o [1]
  .text              ro code  0x080016fc     0x4  startup_stm32f746xx.o [1]
  .text              ro code  0x08001700     0x4  startup_stm32f746xx.o [1]
  .text              ro code  0x08001704     0x4  startup_stm32f746xx.o [1]
  .text              ro code  0x08001708     0x4  startup_stm32f746xx.o [1]
  .text              ro code  0x0800170c     0x4  startup_stm32f746xx.o [1]
  .text              ro code  0x08001710     0x4  startup_stm32f746xx.o [1]
  .text              ro code  0x08001714     0x4  startup_stm32f746xx.o [1]
  .text              ro code  0x08001718     0x4  startup_stm32f746xx.o [1]
  .text              ro code  0x0800171c     0x4  startup_stm32f746xx.o [1]
  .text              ro code  0x08001720     0x4  startup_stm32f746xx.o [1]
  .text              ro code  0x08001724     0x4  startup_stm32f746xx.o [1]
  .text              ro code  0x08001728     0x4  startup_stm32f746xx.o [1]
  .text              ro code  0x0800172c     0x4  startup_stm32f746xx.o [1]
  .text              ro code  0x08001730     0x4  startup_stm32f746xx.o [1]
  .text              ro code  0x08001734     0x4  startup_stm32f746xx.o [1]
  .text              ro code  0x08001738     0x4  startup_stm32f746xx.o [1]
  .text              ro code  0x0800173c     0x4  startup_stm32f746xx.o [1]
  .text              ro code  0x08001740     0x4  startup_stm32f746xx.o [1]
  .text              ro code  0x08001744     0x4  startup_stm32f746xx.o [1]
  .text              ro code  0x08001748     0x4  startup_stm32f746xx.o [1]
  .text              ro code  0x0800174c     0x4  startup_stm32f746xx.o [1]
  .text              ro code  0x08001750     0x4  startup_stm32f746xx.o [1]
  .text              ro code  0x08001754     0x4  startup_stm32f746xx.o [1]
  .text              ro code  0x08001758     0x4  startup_stm32f746xx.o [1]
  .text              ro code  0x0800175c     0x4  startup_stm32f746xx.o [1]
  .text              ro code  0x08001760     0x4  startup_stm32f746xx.o [1]
  .text              ro code  0x08001764     0x4  startup_stm32f746xx.o [1]
  .text              ro code  0x08001768     0x4  startup_stm32f746xx.o [1]
  .text              ro code  0x0800176c     0x4  startup_stm32f746xx.o [1]
  .text              ro code  0x08001770     0x4  startup_stm32f746xx.o [1]
  .text              ro code  0x08001774     0x4  startup_stm32f746xx.o [1]
  .text              ro code  0x08001778     0x4  startup_stm32f746xx.o [1]
  .text              ro code  0x0800177c     0x4  startup_stm32f746xx.o [1]
  .text              ro code  0x08001780     0x4  startup_stm32f746xx.o [1]
  .text              ro code  0x08001784     0x4  startup_stm32f746xx.o [1]
  .text              ro code  0x08001788     0x4  startup_stm32f746xx.o [1]
  .text              ro code  0x0800178c     0x4  startup_stm32f746xx.o [1]
  .text              ro code  0x08001790     0x4  startup_stm32f746xx.o [1]
  .text              ro code  0x08001794     0x4  startup_stm32f746xx.o [1]
  .text              ro code  0x08001798     0x4  startup_stm32f746xx.o [1]
  .text              ro code  0x0800179c     0x4  startup_stm32f746xx.o [1]
  .text              ro code  0x080017a0     0x4  startup_stm32f746xx.o [1]
  .text              ro code  0x080017a4     0x4  startup_stm32f746xx.o [1]
  .text              ro code  0x080017a8     0x4  startup_stm32f746xx.o [1]
  .text              ro code  0x080017ac     0x4  startup_stm32f746xx.o [1]
  .text              ro code  0x080017b0     0x4  startup_stm32f746xx.o [1]
  .text              ro code  0x080017b4     0x4  startup_stm32f746xx.o [1]
  .text              ro code  0x080017b8     0x4  startup_stm32f746xx.o [1]
  .text              ro code  0x080017bc     0x4  startup_stm32f746xx.o [1]
  .text              ro code  0x080017c0     0x4  startup_stm32f746xx.o [1]
  .text              ro code  0x080017c4     0x4  startup_stm32f746xx.o [1]
  .text              ro code  0x080017c8     0x4  startup_stm32f746xx.o [1]
  .text              ro code  0x080017cc     0x4  startup_stm32f746xx.o [1]
  .text              ro code  0x080017d0     0x4  startup_stm32f746xx.o [1]
  .text              ro code  0x080017d4     0x4  startup_stm32f746xx.o [1]
  .text              ro code  0x080017d8     0x4  startup_stm32f746xx.o [1]
  .text              ro code  0x080017dc     0x4  startup_stm32f746xx.o [1]
  .text              ro code  0x080017e0     0x4  startup_stm32f746xx.o [1]
  .text              ro code  0x080017e4     0x4  startup_stm32f746xx.o [1]
  .text              ro code  0x080017e8     0x4  startup_stm32f746xx.o [1]
  .text              ro code  0x080017ec     0x4  startup_stm32f746xx.o [1]
  .text              ro code  0x080017f0     0x4  startup_stm32f746xx.o [1]
  .text              ro code  0x080017f4     0x4  startup_stm32f746xx.o [1]
  .text              ro code  0x080017f8     0x4  startup_stm32f746xx.o [1]
  .text              ro code  0x080017fc     0x4  startup_stm32f746xx.o [1]
  .text              ro code  0x08001800     0x4  startup_stm32f746xx.o [1]
  Initializer bytes  const    0x08001804     0x4  <for P2-1>
  .rodata            const    0x08001808     0x0  zero_init3.o [5]
  .rodata            const    0x08001808     0x0  copy_init3.o [5]
                            - 0x08001808  0x1640

"P2", part 1 of 3:                           0x4
  P2-1                        0x20000000     0x4  <Init block>
    .data            inited   0x20000000     0x4  system_stm32f7xx.o [1]
                            - 0x20000004     0x4

"P2", part 2 of 3:                         0x400
  CSTACK                      0x20000008   0x400  <Block>
    CSTACK           uninit   0x20000008   0x400  <Block tail>
                            - 0x20000408   0x400

"P2", part 3 of 3:                          0x74
  .bss               zero     0x20000408    0x70  main.o [1]
  .bss               zero     0x20000478     0x4  stm32f7xx_hal.o [1]
                            - 0x2000047c    0x74


*******************************************************************************
*** INIT TABLE
***

          Address     Size
          -------     ----
Zero (__iar_zero_init3)
    1 destination range, total size 0x74:
          0x20000408  0x74

Copy (__iar_copy_init3)
    1 source range, total size 0x4:
          0x08001804   0x4
    1 destination range, total size 0x4:
          0x20000000   0x4



*******************************************************************************
*** MODULE SUMMARY
***

    Module                  ro code  ro data  rw data
    ------                  -------  -------  -------
C:\Users\user\Desktop\teageuk\MCU\123123\EWARM\123123\Obj: [1]
    main.o                      464               112
    startup_stm32f746xx.o       860
    stm32f7xx_hal.o              90                 4
    stm32f7xx_hal_cortex.o      206
    stm32f7xx_hal_gpio.o        480
    stm32f7xx_hal_msp.o         176
    stm32f7xx_hal_rcc.o       1 248
    stm32f7xx_hal_rcc_ex.o    1 148
    stm32f7xx_hal_uart.o      1 036
    stm32f7xx_it.o               30
    system_stm32f7xx.o           96       12        4
    -------------------------------------------------
    Total:                    5 834       12      120

command line: [2]
    -------------------------------------------------
    Total:

dl7M_tlf.a: [3]
    exit.o                        4
    low_level_init.o              4
    -------------------------------------------------
    Total:                        8

m7M_tls.a: [4]
    fpinit_M.o                   34
    -------------------------------------------------
    Total:                       34

rt7M_tl.a: [5]
    cexit.o                      10
    cmain.o                      26
    copy_init3.o                 44
    cstartup_M.o                 12
    data_init.o                  40
    zero_init3.o                 64
    -------------------------------------------------
    Total:                      196

shb_l.a: [6]
    exit.o                       20
    -------------------------------------------------
    Total:                       20

    Gaps                         10        2
    Linker created                        36    1 024
-----------------------------------------------------
    Grand Total:              6 102       50    1 144


*******************************************************************************
*** ENTRY LIST
***

Entry                      Address   Size  Type      Object
-----                      -------   ----  ----      ------
.iar.init_table$$Base   0x080015c4          --   Gb  - Linker created -
.iar.init_table$$Limit  0x080015e8          --   Gb  - Linker created -
?main                   0x08001619         Code  Gb  cmain.o [5]
AHBPrescTable           0x080014fc   0x10  Data  Gb  system_stm32f7xx.o [1]
APBPrescTable           0x08001678    0x8  Data  Gb  system_stm32f7xx.o [1]
BusFault_Handler        0x080015ef    0x2  Code  Gb  stm32f7xx_it.o [1]
CSTACK$$Base            0x20000008          --   Gb  - Linker created -
CSTACK$$Limit           0x20000408          --   Gb  - Linker created -
DebugMon_Handler        0x080015f5    0x2  Code  Gb  stm32f7xx_it.o [1]
HAL_GPIO_Init           0x080010e5  0x1aa  Code  Gb  stm32f7xx_hal_gpio.o [1]
HAL_GetTick             0x080006a9    0xc  Code  Wk  stm32f7xx_hal.o [1]
HAL_IncTick             0x08001609   0x10  Code  Wk  stm32f7xx_hal.o [1]
HAL_Init                0x08001495   0x16  Code  Gb  stm32f7xx_hal.o [1]
HAL_InitTick            0x080006b5   0x28  Code  Wk  stm32f7xx_hal.o [1]
HAL_MspInit             0x08001035   0x60  Code  Gb  stm32f7xx_hal_msp.o [1]
HAL_NVIC_SetPriority    0x08000711   0x3a  Code  Gb  stm32f7xx_hal_cortex.o [1]
HAL_NVIC_SetPriorityGrouping
                        0x080006f7   0x1a  Code  Gb  stm32f7xx_hal_cortex.o [1]
HAL_RCCEx_PeriphCLKConfig
                        0x080007ad  0x442  Code  Gb  stm32f7xx_hal_rcc_ex.o [1]
HAL_RCC_ClockConfig     0x080004eb  0x10c  Code  Gb  stm32f7xx_hal_rcc.o [1]
HAL_RCC_GetHCLKFreq     0x08000655    0x6  Code  Gb  stm32f7xx_hal_rcc.o [1]
HAL_RCC_GetPCLK1Freq    0x0800065b   0x10  Code  Gb  stm32f7xx_hal_rcc.o [1]
HAL_RCC_GetPCLK2Freq    0x0800066b    0xe  Code  Gb  stm32f7xx_hal_rcc.o [1]
HAL_RCC_GetSysClockFreq
                        0x0800060b   0x4a  Code  Gb  stm32f7xx_hal_rcc.o [1]
HAL_RCC_OscConfig       0x080001c9  0x322  Code  Gb  stm32f7xx_hal_rcc.o [1]
HAL_SYSTICK_CLKSourceConfig
                        0x08000773   0x1a  Code  Gb  stm32f7xx_hal_cortex.o [1]
HAL_SYSTICK_Config      0x0800074b   0x28  Code  Gb  stm32f7xx_hal_cortex.o [1]
HAL_SYSTICK_IRQHandler  0x080007a5    0x4  Code  Gb  stm32f7xx_hal_cortex.o [1]
HAL_UART_Init           0x08000c29   0x3c  Code  Gb  stm32f7xx_hal_uart.o [1]
HAL_UART_MspInit        0x08001095   0x44  Code  Gb  stm32f7xx_hal_msp.o [1]
HardFault_Handler       0x080015eb    0x2  Code  Gb  stm32f7xx_it.o [1]
MemManage_Handler       0x080015ed    0x2  Code  Gb  stm32f7xx_it.o [1]
NMI_Handler             0x080015e9    0x2  Code  Gb  stm32f7xx_it.o [1]
NVIC_SetPriority        0x080006dd   0x1a  Code  Lc  stm32f7xx_hal_cortex.o [1]
PendSV_Handler          0x080015f7    0x2  Code  Gb  stm32f7xx_it.o [1]
Region$$Table$$Base     0x080015c4          --   Gb  - Linker created -
Region$$Table$$Limit    0x080015e8          --   Gb  - Linker created -
SVC_Handler             0x080015f3    0x2  Code  Gb  stm32f7xx_it.o [1]
SysTick_Handler         0x080015f9    0xe  Code  Gb  stm32f7xx_it.o [1]
SystemClock_Config      0x080013e1   0x9e  Code  Gb  main.o [1]
SystemCoreClock         0x20000000    0x4  Data  Gb  system_stm32f7xx.o [1]
SystemInit              0x080014ad   0x3a  Code  Gb  system_stm32f7xx.o [1]
UART_AdvFeatureConfig   0x08000f31   0xc6  Code  Gb  stm32f7xx_hal_uart.o [1]
UART_CheckIdleState     0x08000ff7   0x3e  Code  Gb  stm32f7xx_hal_uart.o [1]
UART_SetConfig          0x08000d05  0x1fc  Code  Gb  stm32f7xx_hal_uart.o [1]
UART_WaitOnFlagUntilTimeout
                        0x08000ca3   0x5e  Code  Gb  stm32f7xx_hal_uart.o [1]
UsageFault_Handler      0x080015f1    0x2  Code  Gb  stm32f7xx_it.o [1]
__cmain                 0x08001619         Code  Gb  cmain.o [5]
__exit                  0x08001649   0x14  Code  Gb  exit.o [6]
__iar_copy_init3        0x0800154d   0x2c  Code  Gb  copy_init3.o [5]
__iar_data_init3        0x08001579   0x28  Code  Gb  data_init.o [5]
__iar_init_vfp          0x080015a1         Code  Gb  fpinit_M.o [4]
__iar_program_start     0x0800166d         Code  Gb  cstartup_M.o [5]
__iar_systems$$module {Abs}
                        0x00000001         Data  Gb  command line/config [2]
__iar_zero_init3        0x0800150d   0x40  Code  Gb  zero_init3.o [5]
__low_level_init        0x08001633    0x4  Code  Gb  low_level_init.o [3]
__vector_table          0x08000000         Data  Gb  startup_stm32f746xx.o [1]
_call_main              0x08001625         Code  Gb  cmain.o [5]
_exit                   0x0800163d         Code  Gb  cexit.o [5]
_main                   0x0800162f         Code  Gb  cmain.o [5]
exit                    0x08001637    0x4  Code  Gb  exit.o [3]
huart4                  0x20000408   0x70  Data  Gb  main.o [1]
main                    0x080012c5  0x11c  Code  Gb  main.o [1]
uwTick                  0x20000478    0x4  Data  Gb  stm32f7xx_hal.o [1]


[1] = C:\Users\user\Desktop\teageuk\MCU\123123\EWARM\123123\Obj
[2] = command line
[3] = dl7M_tlf.a
[4] = m7M_tls.a
[5] = rt7M_tl.a
[6] = shb_l.a

  6 102 bytes of readonly  code memory
     50 bytes of readonly  data memory
  1 144 bytes of readwrite data memory

Errors: none
Warnings: none
